mode: atomic
github.com/1mpuser/assembly/internal/service/assembly/assemble.go:17.78,25.9 4 0
github.com/1mpuser/assembly/internal/service/assembly/assemble.go:26.17,26.17 0 0
github.com/1mpuser/assembly/internal/service/assembly/assemble.go:27.20,28.19 1 0
github.com/1mpuser/assembly/internal/service/assembly/assemble.go:31.2,39.58 2 0
github.com/1mpuser/assembly/internal/service/assembly/service.go:11.58,15.2 1 0
github.com/1mpuser/assembly/internal/service/assembly/assemble.go:17.78,25.9 4 0
github.com/1mpuser/assembly/internal/service/assembly/assemble.go:26.17,26.17 0 0
github.com/1mpuser/assembly/internal/service/assembly/assemble.go:27.20,28.19 1 0
github.com/1mpuser/assembly/internal/service/assembly/assemble.go:31.2,39.58 2 0
github.com/1mpuser/assembly/internal/service/assembly/service.go:11.58,15.2 1 0
github.com/1mpuser/assembly/internal/service/assembly/assemble.go:17.78,25.9 4 0
github.com/1mpuser/assembly/internal/service/assembly/assemble.go:26.17,26.17 0 0
github.com/1mpuser/assembly/internal/service/assembly/assemble.go:27.20,28.19 1 0
github.com/1mpuser/assembly/internal/service/assembly/assemble.go:31.2,39.58 2 0
github.com/1mpuser/assembly/internal/service/assembly/service.go:11.58,15.2 1 0
github.com/1mpuser/assembly/internal/service/assembly/assemble.go:12.78,15.22 2 0
github.com/1mpuser/assembly/internal/service/assembly/assemble.go:15.22,20.10 3 0
github.com/1mpuser/assembly/internal/service/assembly/assemble.go:21.18,21.18 0 0
github.com/1mpuser/assembly/internal/service/assembly/assemble.go:22.21,23.20 1 0
github.com/1mpuser/assembly/internal/service/assembly/assemble.go:27.2,35.58 2 0
github.com/1mpuser/assembly/internal/service/assembly/assemble.go:40.48,41.44 1 0
github.com/1mpuser/assembly/internal/service/assembly/assemble.go:41.44,43.3 1 0
github.com/1mpuser/assembly/internal/service/assembly/assemble.go:46.2,46.79 1 0
github.com/1mpuser/assembly/internal/service/assembly/service.go:12.98,18.2 1 0
