mode: atomic
github.com/1mpuser/order/internal/api/order/v1/api.go:11.45,15.2 1 0
github.com/1mpuser/order/internal/api/order/v1/cancel.go:13.114,15.16 2 0
github.com/1mpuser/order/internal/api/order/v1/cancel.go:15.16,16.10 1 0
github.com/1mpuser/order/internal/api/order/v1/cancel.go:17.46,18.93 1 0
github.com/1mpuser/order/internal/api/order/v1/cancel.go:19.89,20.93 1 0
github.com/1mpuser/order/internal/api/order/v1/cancel.go:21.44,22.97 1 0
github.com/1mpuser/order/internal/api/order/v1/cancel.go:23.11,24.19 1 0
github.com/1mpuser/order/internal/api/order/v1/cancel.go:28.2,28.44 1 0
github.com/1mpuser/order/internal/api/order/v1/create.go:14.113,20.53 2 0
github.com/1mpuser/order/internal/api/order/v1/create.go:20.53,22.3 1 0
github.com/1mpuser/order/internal/api/order/v1/create.go:24.2,24.53 1 0
github.com/1mpuser/order/internal/api/order/v1/create.go:24.53,26.3 1 0
github.com/1mpuser/order/internal/api/order/v1/create.go:28.2,29.16 2 0
github.com/1mpuser/order/internal/api/order/v1/create.go:29.16,30.10 1 0
github.com/1mpuser/order/internal/api/order/v1/create.go:31.93,32.93 1 0
github.com/1mpuser/order/internal/api/order/v1/create.go:33.44,34.97 1 0
github.com/1mpuser/order/internal/api/order/v1/create.go:35.86,36.93 1 0
github.com/1mpuser/order/internal/api/order/v1/create.go:37.11,38.19 1 0
github.com/1mpuser/order/internal/api/order/v1/create.go:42.2,45.8 1 0
github.com/1mpuser/order/internal/api/order/v1/get.go:14.105,16.16 2 0
github.com/1mpuser/order/internal/api/order/v1/get.go:16.16,17.10 1 0
github.com/1mpuser/order/internal/api/order/v1/get.go:18.46,19.90 1 0
github.com/1mpuser/order/internal/api/order/v1/get.go:20.44,21.94 1 0
github.com/1mpuser/order/internal/api/order/v1/get.go:22.11,23.19 1 0
github.com/1mpuser/order/internal/api/order/v1/get.go:27.2,27.41 1 0
github.com/1mpuser/order/internal/api/order/v1/pay.go:14.135,18.16 3 0
github.com/1mpuser/order/internal/api/order/v1/pay.go:18.16,19.10 1 0
github.com/1mpuser/order/internal/api/order/v1/pay.go:20.46,21.90 1 0
github.com/1mpuser/order/internal/api/order/v1/pay.go:22.89,23.90 1 0
github.com/1mpuser/order/internal/api/order/v1/pay.go:24.53,25.94 1 0
github.com/1mpuser/order/internal/api/order/v1/pay.go:26.11,27.19 1 0
github.com/1mpuser/order/internal/api/order/v1/pay.go:31.2,33.8 1 0
github.com/1mpuser/order/internal/service/order/cancel.go:12.71,14.16 2 5
github.com/1mpuser/order/internal/service/order/cancel.go:14.16,16.3 1 1
github.com/1mpuser/order/internal/service/order/cancel.go:18.2,18.61 1 4
github.com/1mpuser/order/internal/service/order/cancel.go:18.61,20.17 2 4
github.com/1mpuser/order/internal/service/order/cancel.go:20.17,22.4 1 1
github.com/1mpuser/order/internal/service/order/cancel.go:24.3,24.23 1 3
github.com/1mpuser/order/internal/service/order/cancel.go:25.30,26.35 1 1
github.com/1mpuser/order/internal/service/order/cancel.go:27.35,28.33 1 1
github.com/1mpuser/order/internal/service/order/cancel.go:31.3,36.30 4 1
github.com/1mpuser/order/internal/service/order/cancel.go:36.30,38.4 1 0
github.com/1mpuser/order/internal/service/order/cancel.go:40.3,40.30 1 1
github.com/1mpuser/order/internal/service/order/cancel.go:40.30,42.4 1 0
github.com/1mpuser/order/internal/service/order/cancel.go:44.3,44.70 1 1
github.com/1mpuser/order/internal/service/order/cancel.go:44.70,46.4 1 0
github.com/1mpuser/order/internal/service/order/cancel.go:48.3,48.84 1 1
github.com/1mpuser/order/internal/service/order/create.go:18.109,21.26 2 6
github.com/1mpuser/order/internal/service/order/create.go:21.26,23.3 1 0
github.com/1mpuser/order/internal/service/order/create.go:24.2,24.26 1 6
github.com/1mpuser/order/internal/service/order/create.go:24.26,26.3 1 0
github.com/1mpuser/order/internal/service/order/create.go:28.2,33.16 4 6
github.com/1mpuser/order/internal/service/order/create.go:33.16,35.3 1 1
github.com/1mpuser/order/internal/service/order/create.go:37.2,37.21 1 5
github.com/1mpuser/order/internal/service/order/create.go:37.21,39.3 1 1
github.com/1mpuser/order/internal/service/order/create.go:41.2,43.23 2 4
github.com/1mpuser/order/internal/service/order/create.go:43.23,45.3 1 8
github.com/1mpuser/order/internal/service/order/create.go:47.2,48.26 2 4
github.com/1mpuser/order/internal/service/order/create.go:48.26,51.3 2 0
github.com/1mpuser/order/internal/service/order/create.go:52.2,52.26 1 4
github.com/1mpuser/order/internal/service/order/create.go:52.26,55.3 2 0
github.com/1mpuser/order/internal/service/order/create.go:57.2,58.16 2 4
github.com/1mpuser/order/internal/service/order/create.go:58.16,60.3 1 1
github.com/1mpuser/order/internal/service/order/create.go:62.2,63.16 2 3
github.com/1mpuser/order/internal/service/order/create.go:63.16,65.3 1 1
github.com/1mpuser/order/internal/service/order/create.go:67.2,75.29 5 2
github.com/1mpuser/order/internal/service/order/create.go:75.29,85.3 2 4
github.com/1mpuser/order/internal/service/order/create.go:87.2,96.26 2 2
github.com/1mpuser/order/internal/service/order/create.go:96.26,98.3 1 0
github.com/1mpuser/order/internal/service/order/create.go:99.2,99.26 1 2
github.com/1mpuser/order/internal/service/order/create.go:99.26,101.3 1 0
github.com/1mpuser/order/internal/service/order/create.go:103.2,103.60 1 2
github.com/1mpuser/order/internal/service/order/create.go:103.60,105.3 1 2
github.com/1mpuser/order/internal/service/order/create.go:106.2,106.16 1 2
github.com/1mpuser/order/internal/service/order/create.go:106.16,108.3 1 1
github.com/1mpuser/order/internal/service/order/create.go:110.2,113.8 1 1
github.com/1mpuser/order/internal/service/order/get.go:13.81,15.16 2 4
github.com/1mpuser/order/internal/service/order/get.go:15.16,17.3 1 1
github.com/1mpuser/order/internal/service/order/get.go:19.2,20.16 2 3
github.com/1mpuser/order/internal/service/order/get.go:20.16,22.3 1 2
github.com/1mpuser/order/internal/service/order/get.go:24.2,24.45 1 1
github.com/1mpuser/order/internal/service/order/pay.go:14.128,16.16 2 5
github.com/1mpuser/order/internal/service/order/pay.go:16.16,18.3 1 0
github.com/1mpuser/order/internal/service/order/pay.go:20.2,22.60 2 5
github.com/1mpuser/order/internal/service/order/pay.go:22.60,24.17 2 5
github.com/1mpuser/order/internal/service/order/pay.go:24.17,26.4 1 1
github.com/1mpuser/order/internal/service/order/pay.go:28.3,28.23 1 4
github.com/1mpuser/order/internal/service/order/pay.go:29.30,30.35 1 1
github.com/1mpuser/order/internal/service/order/pay.go:31.35,32.33 1 1
github.com/1mpuser/order/internal/service/order/pay.go:35.3,36.17 2 2
github.com/1mpuser/order/internal/service/order/pay.go:36.17,38.4 1 1
github.com/1mpuser/order/internal/service/order/pay.go:40.3,41.17 2 1
github.com/1mpuser/order/internal/service/order/pay.go:41.17,43.4 1 0
github.com/1mpuser/order/internal/service/order/pay.go:45.3,46.17 2 1
github.com/1mpuser/order/internal/service/order/pay.go:46.17,48.4 1 0
github.com/1mpuser/order/internal/service/order/pay.go:50.3,52.13 2 1
github.com/1mpuser/order/internal/service/order/pay.go:55.2,55.20 1 5
github.com/1mpuser/order/internal/service/order/service.go:10.142,17.2 1 20
github.com/1mpuser/order/internal/api/order/v1/api.go:11.45,15.2 1 0
github.com/1mpuser/order/internal/api/order/v1/cancel.go:13.114,15.16 2 0
github.com/1mpuser/order/internal/api/order/v1/cancel.go:15.16,16.10 1 0
github.com/1mpuser/order/internal/api/order/v1/cancel.go:17.46,18.93 1 0
github.com/1mpuser/order/internal/api/order/v1/cancel.go:19.89,20.93 1 0
github.com/1mpuser/order/internal/api/order/v1/cancel.go:21.44,22.97 1 0
github.com/1mpuser/order/internal/api/order/v1/cancel.go:23.11,24.19 1 0
github.com/1mpuser/order/internal/api/order/v1/cancel.go:28.2,28.44 1 0
github.com/1mpuser/order/internal/api/order/v1/create.go:14.113,20.53 2 0
github.com/1mpuser/order/internal/api/order/v1/create.go:20.53,22.3 1 0
github.com/1mpuser/order/internal/api/order/v1/create.go:24.2,24.53 1 0
github.com/1mpuser/order/internal/api/order/v1/create.go:24.53,26.3 1 0
github.com/1mpuser/order/internal/api/order/v1/create.go:28.2,29.16 2 0
github.com/1mpuser/order/internal/api/order/v1/create.go:29.16,30.10 1 0
github.com/1mpuser/order/internal/api/order/v1/create.go:31.93,32.93 1 0
github.com/1mpuser/order/internal/api/order/v1/create.go:33.44,34.97 1 0
github.com/1mpuser/order/internal/api/order/v1/create.go:35.86,36.93 1 0
github.com/1mpuser/order/internal/api/order/v1/create.go:37.11,38.19 1 0
github.com/1mpuser/order/internal/api/order/v1/create.go:42.2,45.8 1 0
github.com/1mpuser/order/internal/api/order/v1/get.go:14.105,16.16 2 0
github.com/1mpuser/order/internal/api/order/v1/get.go:16.16,17.10 1 0
github.com/1mpuser/order/internal/api/order/v1/get.go:18.46,19.90 1 0
github.com/1mpuser/order/internal/api/order/v1/get.go:20.44,21.94 1 0
github.com/1mpuser/order/internal/api/order/v1/get.go:22.11,23.19 1 0
github.com/1mpuser/order/internal/api/order/v1/get.go:27.2,27.41 1 0
github.com/1mpuser/order/internal/api/order/v1/pay.go:14.135,18.16 3 0
github.com/1mpuser/order/internal/api/order/v1/pay.go:18.16,19.10 1 0
github.com/1mpuser/order/internal/api/order/v1/pay.go:20.46,21.90 1 0
github.com/1mpuser/order/internal/api/order/v1/pay.go:22.89,23.90 1 0
github.com/1mpuser/order/internal/api/order/v1/pay.go:24.53,25.94 1 0
github.com/1mpuser/order/internal/api/order/v1/pay.go:26.11,27.19 1 0
github.com/1mpuser/order/internal/api/order/v1/pay.go:31.2,33.8 1 0
